<html>
<body>
<pre>
<h1>礦ision Build Log</h1>
<h2>Tool Versions:</h2>
IDE-Version: μVision V5.24.2.0
Copyright (C) 2017 ARM Ltd and ARM Germany GmbH. All rights reserved.
License Information: 1 李凌涛, 2, LIC=S5IVE-5P2CF-AWR2F-6Q0YX-59IMI-5KG5Q
 
Tool Versions:
Toolchain:       MDK-ARM Professional  Version: 5.24.1
Toolchain Path:  D:\32 keil\ARM\ARMCC\Bin
C Compiler:      Armcc.exe V5.06 update 5 (build 528)
Assembler:       Armasm.exe V5.06 update 5 (build 528)
Linker/Locator:  ArmLink.exe V5.06 update 5 (build 528)
Library Manager: ArmAr.exe V5.06 update 5 (build 528)
Hex Converter:   FromElf.exe V5.06 update 5 (build 528)
CPU DLL:         SARMCM3.DLL V5.24.1
Dialog DLL:      DCM.DLL V1.16.0.0
Target DLL:      STLink\ST-LINKIII-KEIL_SWO.dll V3.0.1.0
Dialog DLL:      TCM.DLL V1.32.0.0
 
<h2>Project:</h2>
C:\Users\李凌涛\Desktop\buck\software\buck.uvprojx
Project File Date:  08/15/2024

<h2>Output:</h2>
*** Using Compiler 'V5.06 update 5 (build 528)', folder: 'D:\32 keil\ARM\ARMCC\Bin'
Build target 'Target 1'
compiling main.c...
user\main.c(20): warning:  #177-D: variable "ADValue"  was declared but never referenced
  uint16_t ADValue;			//定义AD值变量
user\main.c(21): warning:  #177-D: variable "Voltage"  was declared but never referenced
  float Voltage;				//定义电压变量
user\main.c(22): warning:  #177-D: variable "a"  was declared but never referenced
  float a;
user\main.c: 3 warnings, 0 errors
linking...
Program Size: Code=2804 RO-data=268 RW-data=20 ZI-data=1636  
FromELF: creating hex file...
".\Objects\buck.axf" - 0 Error(s), 3 Warning(s).

<h2>Software Packages used:</h2>

Package Vendor: Keil
                http://www.keil.com/pack/Keil.STM32F1xx_DFP.2.2.0.pack
                Keil.STM32F1xx_DFP.2.2.0
                STMicroelectronics STM32F1 Series Device Support, Drivers and Examples

<h2>Collection of Component include folders:</h2>
  .\RTE\_Target_1
  D:\32 keil\ARM\PACK\Keil\STM32F1xx_DFP\2.2.0\Device\Include

<h2>Collection of Component Files used:</h2>
Build Time Elapsed:  00:00:01
</pre>
</body>
</html>
